// Jest Snapshot v1, https://goo.gl/fbAQLP

exports[`should render Header correct 1`] = `
<header
  className="header"
>
  <div
    className="content-container header__content"
  >
    <Link
      className="header__title"
      to="/dashboard"
    >
      <h1>
        Boilerplate
      </h1>
    </Link>
    <button
      className="btn btn--link"
      onClick={[Function]}
    >
      Log out
    </button>
  </div>
</header>
`;
